# read
(subpath "/opt")
(subpath "/usr")
(subpath "/bin")
(literal "/private/etc/resolv.conf")
(literal "/private/etc/hosts")
(subpath "/private/etc/ssl")
(subpath "/private/etc/ca-certificates")
(literal "/private/etc/passwd")
(literal "/private/etc/group")
(literal "/private/etc/nsswitch.conf")
(literal "/private/etc/localtime")
(subpath "/System")
(subpath "/Applications")
(subpath "/private/var/select")
(subpath "/private/var/db/timezone")
(literal "/private/var/db/xcode_select_link")
(subpath "/sbin")
(subpath "/Library")
(literal "/")
(literal "/etc")
(literal "/tmp")
(literal "/var")
(literal "/dev/null")
(literal "/dev/zero")
(literal "/dev/tty")
(literal "/dev/ptmx")
(literal "/dev/stdin")
(literal "/dev/stdout")
(literal "/dev/stderr")
(literal "/dev/random")
(literal "/dev/urandom")
(literal "/dev/dtracehelper")
(literal "/dev/autofs_nowait")
(regex #"^/dev/ttys")
(regex #"^/dev/fd/")
(literal "/Users/u/.gitconfig")
(literal "/Users/u/.gitignore_global")
(subpath "/Users/u/.config/git")
(subpath "/Users/u/.config/ccstatusline")
(subpath "/Users/u/.config/corral")
(subpath "/Users/u/.local/bin")
(subpath "/Users/u/.local/share/uv")
(subpath "/opt/claude/bin")
(subpath "/Users/u/Library/Keychains")
(subpath "/private/tmp/corral-501-abc")
(subpath "/Users/u/.claude")
# write
(literal "/dev/null")
(literal "/dev/zero")
(literal "/dev/tty")
(literal "/dev/ptmx")
(literal "/dev/stdin")
(literal "/dev/stdout")
(literal "/dev/stderr")
(literal "/dev/dtracehelper")
(literal "/dev/autofs_nowait")
(regex #"^/dev/ttys")
(regex #"^/dev/fd/")
(subpath "/Users/u/Library/Keychains")
(subpath "/private/tmp/corral-501-abc")
(subpath "/Users/u/.claude")
