bwrap
--clearenv
--setenv
HOME
/home/u
--setenv
PATH
/usr/bin
--setenv
TERM
xterm-256color
--tmpfs
/tmp
--ro-bind
/usr
/usr
--ro-bind
/etc
/etc
--ro-bind
/srv/ro
/data
--bind
/home/u/proj
/home/u/proj
--bind
/home/u/.claude.json
/home/u/.claude.json
--symlink
usr/bin
/bin
--proc
/proc
--dev
/dev
--tmpfs
/home/u/.ssh
--tmpfs
/home/u/.gnupg
--unshare-user
--unshare-ipc
--unshare-pid
--unshare-uts
--unshare-cgroup
--hostname
corral
--die-with-parent
--chdir
/home/u/proj
claude
--model
opus
